gcc -g p3original.c;./a.out
enter the value of x
3
the number 3 is a prime number
GNU gdb (Ubuntu 8.1.1-0ubuntu1) 8.1.1
Copyright (C) 2018 Free Software Foundation, Inc.
License GPLv3+: GNU GPL version 3 or later <http://gnu.org/licenses/gpl.html>
This is free software: you are free to change and redistribute it.
There is NO WARRANTY, to the extent permitted by law.  Type "show copying"
and "show warranty" for details.
This GDB was configured as "x86_64-linux-gnu".
Type "show configuration" for configuration details.
For bug reporting instructions, please see:
<http://www.gnu.org/software/gdb/bugs/>.
Find the GDB manual and other documentation resources online at:
<http://www.gnu.org/software/gdb/documentation/>.
For help, type "help".
Type "apropos word" to search for commands related to "word"...
Reading symbols from ./a.out...done.
(gdb) b main
Breakpoint 1 at 0x845: file p3original.c, line 38.
(gdb) r
Starting program: /home/runner/Test2Session1/a.out 
warning: Error disabling address space randomization: Operation not permitted

Breakpoint 1, main () at p3original.c:38
38    a=input_number();
(gdb) s
input_number () at p3original.c:3
3   {
(gdb) s
5     printf("enter the value of x\n");
(gdb) n
enter the value of x
6     scanf("%d",&n);
(gdb) n
3
7     return n;
(gdb) n
8   }
(gdb) n
main () at p3original.c:40
40    result=is_prime(a);
(gdb) s
is_prime (n=3) at p3original.c:11
11    for(int i=2;i<n;i++)
(gdb) n
13        n=n%i;
(gdb) n
11    for(int i=2;i<n;i++)
(gdb) n
15    if(n>0)
(gdb) n
17      return 1;
(gdb) n
23  }
(gdb) n
main () at p3original.c:41
41    output(a,result);
(gdb) s
output (n=3, result=1) at p3original.c:26
26    if(result>0)
(gdb) n
28      printf("the number %d is a prime number\n",n);
(gdb) n
the number 3 is a prime number
34  }
(gdb) n
main () at p3original.c:42
42    return 0;
(gdb) n
43  }(gdb) continue
Continuing.
[Inferior 1 (process 1899) exited normally]
(gdb) p
The history is empty.
(gdb) c
The program is not being run.
(gdb) l
38    a=input_number();
39    int result;
40    result=is_prime(a);
41    output(a,result);
42    retur