 gcc -g p5original.c -lm;
 ./a.out
enter the size of the array
100
2,3,5,7,11,13,17,19,23,29,31,37,41,43,47,53,59,61,67,71,73,79,83,89,97, 
 gdb ./a.out;
GNU gdb (Ubuntu 8.1.1-0ubuntu1) 8.1.1
Copyright (C) 2018 Free Software Foundation, Inc.
License GPLv3+: GNU GPL version 3 or later <http://gnu.org/licenses/gpl.html>
This is free software: you are free to change and redistribute it.
There is NO WARRANTY, to the extent permitted by law.  Type "show copying"
and "show warranty" for details.
This GDB was configured as "x86_64-linux-gnu".
Type "show configuration" for configuration details.
For bug reporting instructions, please see:
<http://www.gnu.org/software/gdb/bugs/>.
Find the GDB manual and other documentation resources online at:
<http://www.gnu.org/software/gdb/documentation/>.
For help, type "help".
Type "apropos word" to search for commands related to "word"...
Reading symbols from ./a.out...done.
(gdb) b main
Breakpoint 1 at 0x97f: file p5original.c, line 49.
(gdb) r
Starting program: /home/runner/Test2Session1/a.out 
warning: Error disabling address space randomization: Operation not permitted

Breakpoint 1, main () at p5original.c:49
49  {
(gdb) s
51    x=input_array_size();
(gdb) 
input_array_size () at p5original.c:4
4   {
(gdb) quit
A debugging session is active.

    Inferior 1 [process 405] will be killed.

Quit anyway? (y or n) y
 gcc -g p5original.c -lm;
 ./a.out
enter the size of the array
100
2,3,5,7,11,13,17,19,23,29,31,37,41,43,47,53,59,61,67,71,73,79,83,89,97, 
 gdb ./a.out;
GNU gdb (Ubuntu 8.1.1-0ubuntu1) 8.1.1
Copyright (C) 2018 Free Software Foundation, Inc.
License GPLv3+: GNU GPL version 3 or later <http://gnu.org/licenses/gpl.html>
This is free software: you are free to change and redistribute it.
There is NO WARRANTY, to the extent permitted by law.  Type "show copying"
and "show warranty" for details.
This GDB was configured as "x86_64-linux-gnu".
Type "show configuration" for configuration details.
For bug reporting instructions, please see:
<http://www.gnu.org/software/gdb/bugs/>.
Find the GDB manual and other documentation resources online at:
<http://www.gnu.org/software/gdb/documentation/>.
For help, type "help".
Type "apropos word" to search for commands related to "word"...
Reading symbols from ./a.out...done.
(gdb) b main
Breakpoint 1 at 0x97f: file p5original.c, line 49.
(gdb) r
Starting program: /home/runner/Test2Session1/a.out 
warning: Error disabling address space randomization: Operation not permitted

Breakpoint 1, main () at p5original.c:49
49  {
(gdb) s
51    x=input_array_size();
(gdb) s
input_array_size () at p5original.c:4
4   {
(gdb) s
6     printf("enter the size of the array\n");
(gdb) n
enter the size of the array
7     scanf("%d",&n);
(gdb) n
100
8     return n;
(gdb) n
9   }
(gdb) n
main () at p5original.c:52
52    int y[x];
(gdb) s
53    input_array(x,y);
(gdb) s
input_array (n=100, a=0x7ffeabae7150) at p5original.c:12
12    for(int i=0;i<n;i++)
(gdb) n
14        a[i]=i;
(gdb) n
12    for(int i=0;i<n;i++)
(gdb) n
14        a[i]=i;
(gdb) n
12    for(int i=0;i<n;i++)
(gdb) n
14        a[i]=i;
(gdb) n
12    for(int i=0;i<n;i++)
(gdb) n
14        a[i]=i;
(gdb) n
12    for(int i=0;i<n;i++)
(gdb) n
14        a[i]=i;
(gdb) n
12    for(int i=0;i<n;i++)
(gdb) n
14        a[i]=i;
(gdb) n
12    for(int i=0;i<n;i++)
(gdb) n
14        a[i]=i;
(gdb) n
12    for(int i=0;i<n;i++)
(gdb) n
14        a[i]=i;
(gdb) n
12    for(int i=0;i<n;i++)
(gdb) n
14        a[i]=i;
(gdb) n
12    for(int i=0;i<n;i++)
(gdb) n
14        a[i]=i;
(gdb) n
12    for(int i=0;i<n;i++)
(gdb) n
14        a[i]=i;
(gdb) n
12    for(int i=0;i<n;i++)
(gdb) n
14        a[i]=i;
(gdb) n
12    for(int i=0;i<n;i++)
(gdb) n
14        a[i]=i;
(gdb) n
12    for(int i=0;i<n;i++)
(gdb) n
14        a[i]=i;
(gdb) n
12    for(int i=0;i<n;i++)
(gdb) n
14        a[i]=i;
(gdb) n
12    for(int i=0;i<n;i++)
(gdb) n
14        a[i]=i;
(gdb) n
12    for(int i=0;i<n;i++)
(gdb) n
14        a[i]=i;
(gdb) n
12    for(int i=0;i<n;i++)
(gdb) n
14        a[i]=i;
(gdb) n
12    for(int i=0;i<n;i++)
(gdb) n
14        a[i]=i;
(gdb) n
12    for(int i=0;i<n;i++)
(gdb) n
14        a[i]=i;
(gdb) n
12    for(int i=0;i<n;i++)
(gdb) n
14        a[i]=i;
(gdb) n
12    for(int i=0;i<n;i++)
(gdb) n
14        a[i]=i;
(gdb) n
12    for(int i=0;i<n;i++)
(gdb) n
14        a[i]=i;
(gdb) n
12    for(int i=0;i<n;i++)
(gdb) n
14        a[i]=i;
(gdb) n
12    for(int i=0;i<n;i++)
(gdb) n
14        a[i]=i;
(gdb) n
12    for(int i=0;i<n;i++)
(gdb) n
14        a[i]=i;
(gdb) n
12    for(int i=0;i<n;i++)
(gdb) n
14        a[i]=i;
(gdb) n
12    for(int i=0;i<n;i++)
(gdb) n
14        a[i]=i;
(gdb) n
12    for(int i=0;i<n;i++)
(gdb) n
14        a[i]=i;
(gdb) n
12    for(int i=0;i<n;i++)
(gdb) n
14        a[i]=i;
(gdb) n
12    for(int i=0;i<n;i++)
(gdb) n
14        a[i]=i;
(gdb) n
12    for(int i=0;i<n;i++)
(gdb) n
14        a[i]=i;
(gdb) n
12    for(int i=0;i<n;i++)
(gdb) n
14        a[i]=i;
(gdb) n
12    for(int i=0;i<n;i++)
(gdb) n
14        a[i]=i;
(gdb) n
12    for(int i=0;i<n;i++)
(gdb) n
14        a[i]=i;
(gdb) n
12    for(int i=0;i<n;i++)
(gdb) n
14        a[i]=i;
(gdb) n
12    for(int i=0;i<n;i++)
(gdb) n
14        a[i]=i;
(gdb) n
12    for(int i=0;i<n;i++)
(gdb) n
14        a[i]=i;
(gdb) n
12    for(int i=0;i<n;i++)
(gdb) n
14        a[i]=i;
(gdb) n
12    for(int i=0;i<n;i++)
(gdb) n
14        a[i]=i;
(gdb) n
12    for(int i=0;i<n;i++)
(gdb) n
14        a[i]=i;
(gdb) n
12    for(int i=0;i<n;i++)
(gdb) n
14        a[i]=i;
(gdb) n
12    for(int i=0;i<n;i++)
(gdb) n
14        a[i]=i;
(gdb) n
12    for(int i=0;i<n;i++)
(gdb) n
14        a[i]=i;
(gdb) n
12    for(int i=0;i<n;i++)
(gdb) n
14        a[i]=i;
(gdb) n
12    for(int i=0;i<n;i++)
(gdb) n
14        a[i]=i;
(gdb) n
12    for(int i=0;i<n;i++)
(gdb) n
14        a[i]=i;
(gdb) n
12    for(int i=0;i<n;i++)
(gdb) n
14        a[i]=i;
(gdb) n
12    for(int i=0;i<n;i++)
(gdb) n
14        a[i]=i;
(gdb) n
12    for(int i=0;i<n;i++)
(gdb) n
14        a[i]=i;
(gdb) n
12    for(int i=0;i<n;i++)
(gdb) n
14        a[i]=i;
(gdb) n
12    for(int i=0;i<n;i++)
(gdb) n
14        a[i]=i;
(gdb) n
12    for(int i=0;i<n;i++)
(gdb) n
14        a[i]=i;
(gdb) n
12    for(int i=0;i<n;i++)
(gdb) n
14        a[i]=i;
(gdb) n
12    for(int i=0;i<n;i++)
(gdb) n
14        a[i]=i;
(gdb) n
12    for(int i=0;i<n;i++)
(gdb) n
14        a[i]=i;
(gdb) n
12    for(int i=0;i<n;i++)
(gdb) n
14        a[i]=i;
(gdb) n
12    for(int i=0;i<n;i++)
(gdb) n
14        a[i]=i;
(gdb) n
12    for(int i=0;i<n;i++)
(gdb) n
14        a[i]=i;
(gdb) n
12    for(int i=0;i<n;i++)
(gdb) n
14        a[i]=i;
(gdb) n
12    for(int i=0;i<n;i++)
(gdb) n
14        a[i]=i;
(gdb) n
12    for(int i=0;i<n;i++)
(gdb) n
14        a[i]=i;
(gdb) n
12    for(int i=0;i<n;i++)
(gdb) n
14        a[i]=i;
(gdb) n
12    for(int i=0;i<n;i++)
(gdb) n
14        a[i]=i;
(gdb) n
12    for(int i=0;i<n;i++)
(gdb) n
14        a[i]=i;
(gdb) n
12    for(int i=0;i<n;i++)
(gdb) n
14        a[i]=i;
(gdb) n
12    for(int i=0;i<n;i++)
(gdb) n
14        a[i]=i;
(gdb) n
12    for(int i=0;i<n;i++)
(gdb) n
14        a[i]=i;
(gdb) n
12    for(int i=0;i<n;i++)
(gdb) n
14        a[i]=i;
(gdb) n
12    for(int i=0;i<n;i++)
(gdb) n
14        a[i]=i;
(gdb) n
12    for(int i=0;i<n;i++)
(gdb) n
14        a[i]=i;
(gdb) n
12    for(int i=0;i<n;i++)
(gdb) n
14        a[i]=i;
(gdb) n
12    for(int i=0;i<n;i++)
(gdb) n
14        a[i]=i;
(gdb) n
12    for(int i=0;i<n;i++)
(gdb) n
14        a[i]=i;
(gdb) n
12    for(int i=0;i<n;i++)
(gdb) n
14        a[i]=i;
(gdb) n
12    for(int i=0;i<n;i++)
(gdb) n
14        a[i]=i;
(gdb) n
12    for(int i=0;i<n;i++)
(gdb) n
14        a[i]=i;
(gdb) n
12    for(int i=0;i<n;i++)
(gdb) n
14        a[i]=i;
(gdb) n
12    for(int i=0;i<n;i++)
(gdb) n
14        a[i]=i;
(gdb) n
12    for(int i=0;i<n;i++)
(gdb) n
14        a[i]=i;
(gdb) n
12    for(int i=0;i<n;i++)
(gdb) n
14        a[i]=i;
(gdb) n
12    for(int i=0;i<n;i++)
(gdb) n
14        a[i]=i;
(gdb) n
12    for(int i=0;i<n;i++)
(gdb) n
14        a[i]=i;
(gdb) n
12    for(int i=0;i<n;i++)
(gdb) n
14        a[i]=i;
(gdb) n
12    for(int i=0;i<n;i++)
(gdb) n
14        a[i]=i;
(gdb) n
12    for(int i=0;i<n;i++)
(gdb) n
14        a[i]=i;
(gdb) n
12    for(int i=0;i<n;i++)
(gdb) n
14        a[i]=i;
(gdb) n
12    for(int i=0;i<n;i++)
(gdb) n
14        a[i]=i;
(gdb) n
12    for(int i=0;i<n;i++)
(gdb) n
14        a[i]=i;
(gdb) n
12    for(int i=0;i<n;i++)
(gdb) n
14        a[i]=i;
(gdb) n
12    for(int i=0;i<n;i++)
(gdb) n
14        a[i]=i;
(gdb) n
12    for(int i=0;i<n;i++)
(gdb) n
14        a[i]=i;
(gdb) n
12    for(int i=0;i<n;i++)
(gdb) n
14        a[i]=i;
(gdb) n
12    for(int i=0;i<n;i++)
(gdb) n
14        a[i]=i;
(gdb) n
12    for(int i=0;i<n;i++)
(gdb) n
14        a[i]=i;
(gdb) n
12    for(int i=0;i<n;i++)
(gdb) n
14        a[i]=i;
(gdb) n
12    for(int i=0;i<n;i++)
(gdb) n
14        a[i]=i;
(gdb) n
12    for(int i=0;i<n;i++)
(gdb) n
14        a[i]=i;
(gdb) n
12    for(int i=0;i<n;i++)
(gdb) n
14        a[i]=i;
(gdb) n
12    for(int i=0;i<n;i++)
(gdb) n
14        a[i]=i;
(gdb) n
12    for(int i=0;i<n;i++)
(gdb) n
16    a[1]=0;
(gdb) n
17  }
(gdb) n
main () at p5original.c:54
54    erotosthenes_sieve(x,y);
(gdb) n
55    out_put(x,y);
(gdb) n
56    return 0;
(gdb) n
57  }(gdb) continue
Continuing.
2,3,5,7,11,13,17,19,23,29,31,37,41,43,47,53,59,61,67,71,73,79,83,89,97,[Inferior 1 (process 417) exited normally]
(gdb) p
The history is empty.
(gdb) c
The program is not being run.
(gdb) l
52    int y[x];
53    input_array(x,y);
54    erotosthenes_sieve(x,y);
55    out_put(x,y);
56    return 0;
57  }(gdb)
